17:36:14 **** Incremental Build of configuration Debug for project Bai2_Timer_7seg ****
make -j12 all 
arm-none-eabi-gcc "../Core/Src/main.c" -mcpu=cortex-m4 -std=gnu11 -g3 -DDEBUG -DUSE_HAL_DRIVER -DSTM32F407xx -c -I../Core/Inc -I../Drivers/STM32F4xx_HAL_Driver/Inc -I../Drivers/STM32F4xx_HAL_Driver/Inc/Legacy -I../Drivers/CMSIS/Device/ST/STM32F4xx/Include -I../Drivers/CMSIS/Include -O0 -ffunction-sections -fdata-sections -Wall -fstack-usage -fcyclomatic-complexity -MMD -MP -MF"Core/Src/main.d" -MT"Core/Src/main.o" --specs=nano.specs -mfpu=fpv4-sp-d16 -mfloat-abi=hard -mthumb -o "Core/Src/main.o"
arm-none-eabi-gcc -o "Bai2_Timer_7seg.elf" @"objects.list"   -mcpu=cortex-m4 -T"/home/khoitran/STM32CubeIDE/workspace_1.13.2/Bai2_Timer_7seg/STM32F407ZGTX_FLASH.ld" --specs=nosys.specs -Wl,-Map="Bai2_Timer_7seg.map" -Wl,--gc-sections -static --specs=nano.specs -mfpu=fpv4-sp-d16 -mfloat-abi=hard -mthumb -Wl,--start-group -lc -lm -Wl,--end-group
Finished building target: Bai2_Timer_7seg.elf
 
arm-none-eabi-size   Bai2_Timer_7seg.elf 
arm-none-eabi-objdump -h -S  Bai2_Timer_7seg.elf  > "Bai2_Timer_7seg.list"
   text	   data	    bss	    dec	    hex	filename
  11500	     36	   1748	  13284	   33e4	Bai2_Timer_7seg.elf
Finished building: default.size.stdout
 
Finished building: Bai2_Timer_7seg.list
 

17:36:15 Build Finished. 0 errors, 0 warnings. (took 1s.35ms)

